INFO:     Started server process [19444]
INFO:     Waiting for application startup.
2026-09-11 23:16:41,845 [INFO] app.main: SAVORIA backend starting up...
2026-09-11 23:16:41,931 [INFO] faiss.loader: Loading faiss with AVX2 support.
2026-09-11 23:16:41,932 [INFO] faiss.loader: Could not load library with AVX2 support due to:
ModuleNotFoundError("No module named 'faiss.swigfaiss_avx2'")
2026-09-11 23:16:41,932 [INFO] faiss.loader: Loading faiss.
2026-09-11 23:16:41,963 [INFO] faiss.loader: Successfully loaded faiss.
2026-09-11 23:16:41,974 [INFO] app.rag.retriever: FAISS index loaded: 20 recipes
2026-09-11 23:16:41,974 [INFO] app.main: RAG index ready: 20 recipes loaded
2026-09-11 23:16:41,974 [INFO] app.main: IBM watsonx.ai credentials detected.
INFO:     Application startup complete.
INFO:     Uvicorn running on http://0.0.0.0:8000 (Press CTRL+C to quit)
INFO:     127.0.0.1:50281 - "GET /api/health HTTP/1.1" 200 OK
INFO:     127.0.0.1:53879 - "GET /api/health HTTP/1.1" 200 OK
INFO:     127.0.0.1:59148 - "GET /api/health HTTP/1.1" 200 OK
INFO:     127.0.0.1:59148 - "POST /api/ingredients/analyse HTTP/1.1" 200 OK
2026-09-11 23:17:49,962 [INFO] app.agents.recipe_planner: Analysed 7 ingredients: ['garlic', 'chicken breast', 'onion', 'ginger', 'tomato']
2026-09-11 23:17:49,962 [INFO] app.agents.recipe_planner: Preferences: {'dietary_preference': None, 'cuisine_preference': None, 'meal_type': 'dinner', 'cooking_time_minutes': None, 'servings': 2, 'avoid_ingredients': []}
2026-09-11 23:18:05,449 [INFO] sentence_transformers.base.model: No device provided, using cpu
2026-09-11 23:18:05,862 [INFO] httpx: HTTP Request: HEAD https://huggingface.co/sentence-transformers/all-MiniLM-L6-v2/resolve/main/modules.json "HTTP/1.1 307 Temporary Redirect"
Warning: You are sending unauthenticated requests to the HF Hub. Please set a HF_TOKEN to enable higher rate limits and faster downloads.
2026-09-11 23:18:05,864 [WARNING] huggingface_hub.utils._http: Warning: You are sending unauthenticated requests to the HF Hub. Please set a HF_TOKEN to enable higher rate limits and faster downloads.
2026-09-11 23:18:05,902 [INFO] httpx: HTTP Request: HEAD https://huggingface.co/api/resolve-cache/models/sentence-transformers/all-MiniLM-L6-v2/1110a243fdf4706b3f48f1d95db1a4f5529b4d41/modules.json "HTTP/1.1 200 OK"
2026-09-11 23:18:06,159 [INFO] httpx: HTTP Request: HEAD https://huggingface.co/sentence-transformers/all-MiniLM-L6-v2/resolve/main/config_sentence_transformers.json "HTTP/1.1 307 Temporary Redirect"
2026-09-11 23:18:06,196 [INFO] httpx: HTTP Request: HEAD https://huggingface.co/api/resolve-cache/models/sentence-transformers/all-MiniLM-L6-v2/1110a243fdf4706b3f48f1d95db1a4f5529b4d41/config_sentence_transformers.json "HTTP/1.1 200 OK"
2026-09-11 23:18:06,198 [INFO] sentence_transformers.base.model: Loading SentenceTransformer model from sentence-transformers/all-MiniLM-L6-v2.
2026-09-11 23:18:06,430 [INFO] httpx: HTTP Request: HEAD https://huggingface.co/sentence-transformers/all-MiniLM-L6-v2/resolve/main/config_sentence_transformers.json "HTTP/1.1 307 Temporary Redirect"
2026-09-11 23:18:06,471 [INFO] httpx: HTTP Request: HEAD https://huggingface.co/api/resolve-cache/models/sentence-transformers/all-MiniLM-L6-v2/1110a243fdf4706b3f48f1d95db1a4f5529b4d41/config_sentence_transformers.json "HTTP/1.1 200 OK"
2026-09-11 23:18:06,706 [INFO] httpx: HTTP Request: HEAD https://huggingface.co/sentence-transformers/all-MiniLM-L6-v2/resolve/main/README.md "HTTP/1.1 307 Temporary Redirect"
2026-09-11 23:18:06,745 [INFO] httpx: HTTP Request: HEAD https://huggingface.co/api/resolve-cache/models/sentence-transformers/all-MiniLM-L6-v2/1110a243fdf4706b3f48f1d95db1a4f5529b4d41/README.md "HTTP/1.1 200 OK"
2026-09-11 23:18:06,999 [INFO] httpx: HTTP Request: HEAD https://huggingface.co/sentence-transformers/all-MiniLM-L6-v2/resolve/main/modules.json "HTTP/1.1 307 Temporary Redirect"
2026-09-11 23:18:07,037 [INFO] httpx: HTTP Request: HEAD https://huggingface.co/api/resolve-cache/models/sentence-transformers/all-MiniLM-L6-v2/1110a243fdf4706b3f48f1d95db1a4f5529b4d41/modules.json "HTTP/1.1 200 OK"
2026-09-11 23:18:07,289 [INFO] httpx: HTTP Request: HEAD https://huggingface.co/sentence-transformers/all-MiniLM-L6-v2/resolve/main/sentence_bert_config.json "HTTP/1.1 307 Temporary Redirect"
2026-09-11 23:18:07,326 [INFO] httpx: HTTP Request: HEAD https://huggingface.co/api/resolve-cache/models/sentence-transformers/all-MiniLM-L6-v2/1110a243fdf4706b3f48f1d95db1a4f5529b4d41/sentence_bert_config.json "HTTP/1.1 200 OK"
2026-09-11 23:18:07,581 [INFO] httpx: HTTP Request: HEAD https://huggingface.co/sentence-transformers/all-MiniLM-L6-v2/resolve/main/adapter_config.json "HTTP/1.1 404 Not Found"
2026-09-11 23:18:07,822 [INFO] httpx: HTTP Request: HEAD https://huggingface.co/sentence-transformers/all-MiniLM-L6-v2/resolve/main/config.json "HTTP/1.1 307 Temporary Redirect"
2026-09-11 23:18:07,858 [INFO] httpx: HTTP Request: HEAD https://huggingface.co/api/resolve-cache/models/sentence-transformers/all-MiniLM-L6-v2/1110a243fdf4706b3f48f1d95db1a4f5529b4d41/config.json "HTTP/1.1 200 OK"
Loading weights:   0%|          | 0/103 [00:00<?, ?it/s]Loading weights: 100%|##########| 103/103 [00:00<00:00, 3032.74it/s]
2026-09-11 23:18:08,316 [INFO] httpx: HTTP Request: HEAD https://huggingface.co/sentence-transformers/all-MiniLM-L6-v2/resolve/main/processor_config.json "HTTP/1.1 404 Not Found"
2026-09-11 23:18:08,568 [INFO] httpx: HTTP Request: HEAD https://huggingface.co/sentence-transformers/all-MiniLM-L6-v2/resolve/main/preprocessor_config.json "HTTP/1.1 404 Not Found"
2026-09-11 23:18:08,816 [INFO] httpx: HTTP Request: HEAD https://huggingface.co/sentence-transformers/all-MiniLM-L6-v2/resolve/main/video_preprocessor_config.json "HTTP/1.1 404 Not Found"
2026-09-11 23:18:09,077 [INFO] httpx: HTTP Request: HEAD https://huggingface.co/sentence-transformers/all-MiniLM-L6-v2/resolve/main/preprocessor_config.json "HTTP/1.1 404 Not Found"
2026-09-11 23:18:09,331 [INFO] httpx: HTTP Request: HEAD https://huggingface.co/sentence-transformers/all-MiniLM-L6-v2/resolve/main/tokenizer_config.json "HTTP/1.1 307 Temporary Redirect"
2026-09-11 23:18:09,369 [INFO] httpx: HTTP Request: HEAD https://huggingface.co/api/resolve-cache/models/sentence-transformers/all-MiniLM-L6-v2/1110a243fdf4706b3f48f1d95db1a4f5529b4d41/tokenizer_config.json "HTTP/1.1 200 OK"
2026-09-11 23:18:09,618 [INFO] httpx: HTTP Request: HEAD https://huggingface.co/sentence-transformers/all-MiniLM-L6-v2/resolve/main/config.json "HTTP/1.1 307 Temporary Redirect"
2026-09-11 23:18:09,660 [INFO] httpx: HTTP Request: HEAD https://huggingface.co/api/resolve-cache/models/sentence-transformers/all-MiniLM-L6-v2/1110a243fdf4706b3f48f1d95db1a4f5529b4d41/config.json "HTTP/1.1 200 OK"
2026-09-11 23:18:09,903 [INFO] httpx: HTTP Request: HEAD https://huggingface.co/sentence-transformers/all-MiniLM-L6-v2/resolve/main/config.json "HTTP/1.1 307 Temporary Redirect"
2026-09-11 23:18:09,940 [INFO] httpx: HTTP Request: HEAD https://huggingface.co/api/resolve-cache/models/sentence-transformers/all-MiniLM-L6-v2/1110a243fdf4706b3f48f1d95db1a4f5529b4d41/config.json "HTTP/1.1 200 OK"
2026-09-11 23:18:10,197 [INFO] httpx: HTTP Request: HEAD https://huggingface.co/sentence-transformers/all-MiniLM-L6-v2/resolve/main/tokenizer_config.json "HTTP/1.1 307 Temporary Redirect"
2026-09-11 23:18:10,236 [INFO] httpx: HTTP Request: HEAD https://huggingface.co/api/resolve-cache/models/sentence-transformers/all-MiniLM-L6-v2/1110a243fdf4706b3f48f1d95db1a4f5529b4d41/tokenizer_config.json "HTTP/1.1 200 OK"
2026-09-11 23:18:10,484 [INFO] httpx: HTTP Request: GET https://huggingface.co/api/models/sentence-transformers/all-MiniLM-L6-v2/tree/main/additional_chat_templates?recursive=false&expand=false "HTTP/1.1 404 Not Found"
2026-09-11 23:18:10,726 [INFO] httpx: HTTP Request: GET https://huggingface.co/api/models/sentence-transformers/all-MiniLM-L6-v2/tree/main?recursive=true&expand=false "HTTP/1.1 200 OK"
2026-09-11 23:18:11,068 [INFO] httpx: HTTP Request: HEAD https://huggingface.co/sentence-transformers/all-MiniLM-L6-v2/resolve/main/1_Pooling/config.json "HTTP/1.1 307 Temporary Redirect"
2026-09-11 23:18:11,106 [INFO] httpx: HTTP Request: HEAD https://huggingface.co/api/resolve-cache/models/sentence-transformers/all-MiniLM-L6-v2/1110a243fdf4706b3f48f1d95db1a4f5529b4d41/1_Pooling%2Fconfig.json "HTTP/1.1 200 OK"
2026-09-11 23:18:11,346 [INFO] httpx: HTTP Request: HEAD https://huggingface.co/sentence-transformers/all-MiniLM-L6-v2/resolve/main/2_Normalize/config.json "HTTP/1.1 404 Not Found"
2026-09-11 23:18:11,596 [INFO] httpx: HTTP Request: GET https://huggingface.co/api/models/sentence-transformers/all-MiniLM-L6-v2 "HTTP/1.1 200 OK"
Batches:   0%|          | 0/1 [00:00<?, ?it/s]Batches: 100%|##########| 1/1 [00:00<00:00, 12.15it/s]
2026-09-11 23:18:11,692 [INFO] app.agents.recipe_planner: RAG retrieved 6 candidates
2026-09-11 23:18:15,220 [INFO] httpx: HTTP Request: POST https://iam.cloud.ibm.com/identity/token "HTTP/1.1 200 OK"
2026-09-11 23:18:26,446 [INFO] httpx: HTTP Request: POST https://eu-gb.ml.cloud.ibm.com/ml/v1/text/chat?version=2023-05-29 "HTTP/1.1 200 OK"
2026-09-11 23:18:26,452 [INFO] app.agents.recipe_generator: AI generation produced 1 recipe(s)
INFO:     127.0.0.1:59148 - "POST /api/recipes/generate HTTP/1.1" 200 OK
INFO:     127.0.0.1:59148 - "GET /api/recipes/gen_001?ingredients=garlic,chicken%20breast,onion,ginger,tomato HTTP/1.1" 404 Not Found
INFO:     127.0.0.1:59148 - "POST /api/substitutions HTTP/1.1" 200 OK
INFO:     127.0.0.1:55387 - "OPTIONS /api/recipes/generate HTTP/1.1" 200 OK
2026-09-11 23:20:37,126 [INFO] app.agents.recipe_planner: Analysed 5 ingredients: ['pasta', 'tomato', 'garlic', 'basil', 'olive oil']
2026-09-11 23:20:37,127 [INFO] app.agents.recipe_planner: Preferences: {'dietary_preference': None, 'cuisine_preference': 'Italian', 'meal_type': 'dinner', 'cooking_time_minutes': 30, 'servings': 2, 'avoid_ingredients': []}
Batches:   0%|          | 0/1 [00:00<?, ?it/s]Batches: 100%|##########| 1/1 [00:00<00:00, 22.57it/s]
2026-09-11 23:20:37,179 [INFO] app.agents.recipe_planner: RAG retrieved 6 candidates
2026-09-11 23:20:37,855 [INFO] httpx: HTTP Request: POST https://iam.cloud.ibm.com/identity/token "HTTP/1.1 200 OK"
2026-09-11 23:20:47,506 [INFO] httpx: HTTP Request: POST https://eu-gb.ml.cloud.ibm.com/ml/v1/text/chat?version=2023-05-29 "HTTP/1.1 200 OK"
2026-09-11 23:20:47,509 [INFO] app.agents.recipe_generator: AI generation produced 1 recipe(s)
INFO:     127.0.0.1:55387 - "POST /api/recipes/generate HTTP/1.1" 200 OK
Batches:   0%|          | 0/1 [00:00<?, ?it/s]Batches: 100%|##########| 1/1 [00:00<00:00, 50.74it/s]
INFO:     127.0.0.1:63735 - "GET /api/recipes/r001?ingredients=garlic,spaghetti,olive%20oil,basil HTTP/1.1" 200 OK
